../Core/Src/main.c:84:5:_write	1
../Core/Src/main.c:158:13:Udp_TwistHandler	4
../Core/Src/main.c:172:13:Udp_SpinHandler	1
../Core/Src/main.c:177:13:Udp_RecHandler	1
../Core/Src/main.c:189:13:Udp_BlockHandler	2
../Core/Src/main.c:203:13:Udp_ModeHandler	6
../Core/Src/main.c:235:6:Drive_Control_And_Test	27
../Core/Src/main.c:360:13:Motors_StopAll	1
../Core/Src/main.c:373:13:Enter_SafeMode	1
../Core/Src/main.c:395:13:Enter_SteerCalibMode	1
../Core/Src/main.c:417:13:Enter_DriveCalibMode	1
../Core/Src/main.c:441:13:Enter_AlignZeroThenRun	1
../Core/Src/main.c:470:12:UART3_TryRead	4
../Core/Src/main.c:499:13:Uart_ModeDispatcher	12
../Core/Src/main.c:531:5:main	15
../Core/Src/main.c:687:6:SystemClock_Config	4
../Core/Src/main.c:740:13:MX_I2C1_Init	4
../Core/Src/main.c:788:13:MX_SPI2_Init	2
../Core/Src/main.c:828:13:MX_SPI3_Init	2
../Core/Src/main.c:868:13:MX_SPI4_Init	2
../Core/Src/main.c:908:13:MX_SPI5_Init	2
../Core/Src/main.c:948:13:MX_TIM1_Init	3
../Core/Src/main.c:999:13:MX_TIM2_Init	8
../Core/Src/main.c:1066:13:MX_TIM3_Init	3
../Core/Src/main.c:1115:13:MX_TIM4_Init	3
../Core/Src/main.c:1164:13:MX_TIM5_Init	7
../Core/Src/main.c:1227:13:MX_TIM8_Init	3
../Core/Src/main.c:1278:13:MX_TIM9_Init	6
../Core/Src/main.c:1334:13:MX_TIM10_Init	4
../Core/Src/main.c:1380:13:MX_USART3_UART_Init	2
../Core/Src/main.c:1415:13:MX_USB_OTG_FS_PCD_Init	2
../Core/Src/main.c:1450:13:MX_GPIO_Init	1
../Core/Src/main.c:1568:6:Error_Handler	1
