../Core/Src/main.c:81:5:_write	24	static
../Core/Src/main.c:169:6:Robot_ApplyCommand_WithDuty	24	static
../Core/Src/main.c:227:12:Robot_CmdFromChar	16	static
../Core/Src/main.c:257:13:Robot_ApplyTwist	40	static
../Core/Src/main.c:306:13:udp_ctrl_recv	32	static
../Core/Src/main.c:328:13:UDP_Ctrl_Init	16	static
../Core/Src/main.c:352:6:Drive_Control_And_Test	160	static
../Core/Src/main.c:466:5:main	16	static
../Core/Src/main.c:587:6:SystemClock_Config	88	static
../Core/Src/main.c:640:13:MX_I2C1_Init	8	static
../Core/Src/main.c:688:13:MX_SPI2_Init	8	static
../Core/Src/main.c:728:13:MX_SPI3_Init	8	static
../Core/Src/main.c:768:13:MX_SPI4_Init	8	static
../Core/Src/main.c:808:13:MX_SPI5_Init	8	static
../Core/Src/main.c:848:13:MX_TIM1_Init	56	static
../Core/Src/main.c:899:13:MX_TIM2_Init	64	static
../Core/Src/main.c:966:13:MX_TIM3_Init	56	static
../Core/Src/main.c:1015:13:MX_TIM4_Init	56	static
../Core/Src/main.c:1064:13:MX_TIM5_Init	64	static
../Core/Src/main.c:1127:13:MX_TIM8_Init	56	static
../Core/Src/main.c:1178:13:MX_TIM9_Init	56	static
../Core/Src/main.c:1234:13:MX_TIM10_Init	40	static
../Core/Src/main.c:1280:13:MX_USART3_UART_Init	8	static
../Core/Src/main.c:1315:13:MX_USB_OTG_FS_PCD_Init	8	static
../Core/Src/main.c:1350:13:MX_GPIO_Init	64	static
../Core/Src/main.c:1468:6:Error_Handler	4	static,ignoring_inline_asm
