../Components/Encoders/encoder_abs.c:45:6:ENC_StartALL	8	static
../Components/Encoders/encoder_abs.c:54:10:ENC_ReadRaw_ByIndex	32	static,ignoring_inline_asm
../Components/Encoders/encoder_abs.c:89:7:ENC_TicksToDeg	16	static
../Components/Encoders/encoder_abs.c:96:9:ENC10_Diff	24	static
../Components/Encoders/encoder_abs.c:109:6:Read_ENC_INDEX	136	static
../Components/Encoders/encoder_abs.c:124:24:median3_u16	24	static
../Components/Encoders/encoder_abs.c:132:10:ENC_ReadRaw_ByIndex_Median3	24	static
../Components/Encoders/encoder_abs.c:145:17:wrap1024_i32	16	static
../Components/Encoders/encoder_abs.c:152:6:ENC_UpdateFilteredAll	32	static
../Components/Encoders/encoder_abs.c:187:10:ENC_GetFilteredTicks	16	static
../Components/Encoders/encoder_abs.c:193:7:ENC_GetFilteredDeg	24	static
../Components/Encoders/encoder_abs.c:200:7:ENC_ReadDeg_ByIndex	24	static
../Components/Encoders/encoder_abs.c:207:6:ENC_Debug_Print_One	40	static
