../Components/Control/recorder.c:47:6:Recorder_Init	4	static
../Components/Control/recorder.c:60:6:Recorder_IsRecording	4	static
../Components/Control/recorder.c:65:6:Recorder_IsPlaying	4	static
../Components/Control/recorder.c:71:6:Recorder_StartRecord	8	static
../Components/Control/recorder.c:80:6:Recorder_StopRecord	16	static
../Components/Control/recorder.c:95:6:Recorder_StartPlay	8	static
../Components/Control/recorder.c:109:6:Recorder_StopPlay	8	static
../Components/Control/recorder.c:122:6:Recorder_Update	32	static
../Components/Control/recorder.c:172:6:Recorder_HandleCmd	16	static
../Components/Control/recorder.c:213:6:Recorder_IsBlocked	4	static
../Components/Control/recorder.c:218:6:Recorder_SetBlocked	16	static
../Components/Control/recorder.c:224:5:Recorder_PlayStep	56	static
