../Components/Control/steer_control.c:74:10:wrap_ticks	16	static
../Components/Control/steer_control.c:82:6:Steer_SetTargetAngleDeg2	32	static
../Components/Control/steer_control.c:98:6:Steer_SetTargetAngleDeg	32	static
../Components/Control/steer_control.c:117:6:SteerMotor_Jog	24	static
../Components/Control/steer_control.c:125:6:Steer_PrintCurrentZeroConfig	192	static
../Components/Control/steer_control.c:173:6:Steer_SetCmdTargetDeg	16	static
../Components/Control/steer_control.c:182:6:Steer_InitTargetsToZero	8	static
../Components/Control/steer_control.c:190:6:Steer_UpdateTargetWithRamp	24	static
../Components/Control/steer_control.c:215:6:Steer_UpdateAll	56	static
../Components/Control/steer_control.c:317:6:Steer_PrintModeHelp	16	static
../Components/Control/steer_control.c:338:6:Steer_JogCalib_HandleUart	56	static
