../Components/Control/steer_control.c:81:10:wrap_ticks	16	static
../Components/Control/steer_control.c:89:6:Steer_SetTargetAngleDeg2	32	static
../Components/Control/steer_control.c:105:6:Steer_SetTargetAngleDeg	32	static
../Components/Control/steer_control.c:125:6:Steer_SetSpinAngleDeg	64	static
../Components/Control/steer_control.c:152:6:Steer_IsAtSpinTarget	32	static
../Components/Control/steer_control.c:182:6:Steer_IsAtSpinAngle45	48	static
../Components/Control/steer_control.c:226:6:SteerMotor_Jog	24	static
../Components/Control/steer_control.c:234:6:Steer_PrintCurrentZeroConfig	192	static
../Components/Control/steer_control.c:282:6:Steer_SetCmdTargetDeg	16	static
../Components/Control/steer_control.c:291:6:Steer_InitTargetsToZero	8	static
../Components/Control/steer_control.c:299:6:Steer_UpdateTargetWithRamp	24	static
../Components/Control/steer_control.c:324:6:Steer_UpdateAll	56	static
../Components/Control/steer_control.c:405:6:Steer_DebugPrintAngles	88	static
../Components/Control/steer_control.c:442:6:Steer_PrintModeHelp	16	static
../Components/Control/steer_control.c:463:6:Steer_JogCalib_HandleUart	56	static
