../Components/Control/steer_control.c:81:10:wrap_ticks	16	static
../Components/Control/steer_control.c:89:6:Steer_SetTargetAngleDeg2	32	static
../Components/Control/steer_control.c:105:6:Steer_SetTargetAngleDeg	32	static
../Components/Control/steer_control.c:125:6:Steer_SetSpinAngleDeg	64	static
../Components/Control/steer_control.c:150:6:Steer_IsAtSpinTarget	32	static
../Components/Control/steer_control.c:180:6:Steer_IsAtSpinAngle45	48	static
../Components/Control/steer_control.c:224:6:SteerMotor_Jog	24	static
../Components/Control/steer_control.c:232:6:Steer_PrintCurrentZeroConfig	192	static
../Components/Control/steer_control.c:280:6:Steer_SetCmdTargetDeg	16	static
../Components/Control/steer_control.c:289:6:Steer_InitTargetsToZero	8	static
../Components/Control/steer_control.c:297:6:Steer_UpdateTargetWithRamp	24	static
../Components/Control/steer_control.c:322:6:Steer_UpdateAll	56	static
../Components/Control/steer_control.c:403:6:Steer_DebugPrintAngles	88	static
../Components/Control/steer_control.c:440:6:Steer_PrintModeHelp	16	static
../Components/Control/steer_control.c:461:6:Steer_JogCalib_HandleUart	56	static
