../Components/Control/steer_control.c:75:10:wrap_ticks	16	static
../Components/Control/steer_control.c:83:6:Steer_SetTargetAngleDeg2	32	static
../Components/Control/steer_control.c:99:6:Steer_SetTargetAngleDeg	32	static
../Components/Control/steer_control.c:118:6:SteerMotor_Jog	24	static
../Components/Control/steer_control.c:126:6:Steer_PrintCurrentZeroConfig	192	static
../Components/Control/steer_control.c:174:6:Steer_SetCmdTargetDeg	16	static
../Components/Control/steer_control.c:183:6:Steer_InitTargetsToZero	8	static
../Components/Control/steer_control.c:191:6:Steer_UpdateTargetWithRamp	24	static
../Components/Control/steer_control.c:216:6:Steer_UpdateAll	56	static
../Components/Control/steer_control.c:318:6:Steer_PrintModeHelp	16	static
../Components/Control/steer_control.c:339:6:Steer_JogCalib_HandleUart	56	static
../Components/Control/steer_control.c:436:7:Steer_GetWheelAngleDeg	32	static
