../Components/Control/steer_control.c:93:26:Steer_ApplyMotorDirSign	16	static
../Components/Control/steer_control.c:107:10:wrap_ticks	16	static
../Components/Control/steer_control.c:114:6:Steer_SetTargetAngleDeg	32	static
../Components/Control/steer_control.c:133:6:Steer_SetSpinAngleDeg	64	static
../Components/Control/steer_control.c:158:6:Steer_IsAtSpinTarget	32	static
../Components/Control/steer_control.c:186:6:SteerMotor_Jog	24	static
../Components/Control/steer_control.c:195:6:Steer_Calib_LogTick	136	static
../Components/Control/steer_control.c:272:6:Steer_PrintCurrentZeroConfig	192	static
../Components/Control/steer_control.c:320:6:Steer_SetCmdTargetDeg	16	static
../Components/Control/steer_control.c:329:6:Steer_InitTargetsToZero	8	static
../Components/Control/steer_control.c:337:6:Steer_UpdateTargetWithRamp	24	static
../Components/Control/steer_control.c:361:6:Steer_UpdateAll	56	static
../Components/Control/steer_control.c:444:6:Steer_DebugPrintAngles	88	static
../Components/Control/steer_control.c:480:6:Steer_CalibCommitZeroAll	40	static
../Components/Control/steer_control.c:511:6:Steer_IsNearTargetAll	32	static
../Components/Control/steer_control.c:532:6:Steer_PrintModeHelp	16	static
../Components/Control/steer_control.c:555:6:Steer_JogCalib_HandleChar	64	static
../Components/Control/steer_control.c:680:6:Steer_JogCalib_HandleUart	16	static
