../Components/Control/steer_control.c:81:10:wrap_ticks	16	static
../Components/Control/steer_control.c:89:6:Steer_SetTargetAngleDeg2	32	static
../Components/Control/steer_control.c:105:6:Steer_SetTargetAngleDeg	32	static
../Components/Control/steer_control.c:125:6:Steer_SetSpinAngleDeg	32	static
../Components/Control/steer_control.c:143:6:Steer_IsAtSpinTarget	32	static
../Components/Control/steer_control.c:173:6:SteerMotor_Jog	24	static
../Components/Control/steer_control.c:181:6:Steer_PrintCurrentZeroConfig	192	static
../Components/Control/steer_control.c:229:6:Steer_SetCmdTargetDeg	16	static
../Components/Control/steer_control.c:238:6:Steer_InitTargetsToZero	8	static
../Components/Control/steer_control.c:246:6:Steer_UpdateTargetWithRamp	24	static
../Components/Control/steer_control.c:271:6:Steer_UpdateAll	56	static
../Components/Control/steer_control.c:373:6:Steer_PrintModeHelp	16	static
../Components/Control/steer_control.c:394:6:Steer_JogCalib_HandleUart	56	static
